// Jest Snapshot v1, https://goo.gl/fbAQLP

exports[`builder Fixture: error-cannot-not-import-itself: error 1`] = `"index.js[quase_builder_js_transformer]:1:14: A module cannot import itself"`;

exports[`builder Fixture: error-circular-export-namespace: error 1`] = `"c.js[quase_builder_js_transformer]: Circular 'export * from \\"\\";' declarations. a.js[quase_builder_js_transformer]->b.js[quase_builder_js_transformer]->c.js[quase_builder_js_transformer]->a.js[quase_builder_js_transformer]"`;

exports[`builder Fixture: error-could-not-load-entry: error 1`] = `"Could not find packages/builder/test/fixtures/error-could-not-load-entry/files/index.js"`;

exports[`builder Fixture: error-could-not-resolve-export: error 1`] = `"index.js[quase_builder_js_transformer]:1:18: Could not resolve ./func"`;

exports[`builder Fixture: error-could-not-resolve-import: error 1`] = `"index.js[quase_builder_js_transformer]:1:14: Could not resolve ./func"`;

exports[`builder Fixture: error-doesnt-export-default: error 1`] = `"index.js[quase_builder_js_transformer]:1:7: ./a doesn't export default"`;

exports[`builder Fixture: error-doesnt-export-default-export: error 1`] = `"index.js[quase_builder_js_transformer]:1:7: ./a doesn't export default"`;

exports[`builder Fixture: error-doesnt-export-name-export: error 1`] = `"index.js[quase_builder_js_transformer]:1:9: ./a doesn't export b"`;

exports[`builder Fixture: error-doesnt-export-name-import: error 1`] = `"index.js[quase_builder_js_transformer]:1:9: ./a doesn't export b"`;

exports[`builder Fixture: error-dont-import-dist: error 1`] = `"index.js[quase_builder_js_transformer]:1:7: Don't import the destination file"`;

exports[`builder Fixture: error-duplicate-import-alias: error 1`] = `
"index.js: Identifier 'b' has already been declared (2:14)

  1 | import b from \\"./a\\"; // eslint-disable-line
> 2 | import { a as b } from \\"./a\\"; // eslint-disable-line
    |               ^
  3 | "
`;

exports[`builder Fixture: error-duplicate-import-default: error 1`] = `
"index.js: Identifier 'a' has already been declared (2:20)

  1 | import a from \\"./a\\"; // eslint-disable-line
> 2 | import { default as a } from \\"./a\\"; // eslint-disable-line
    |                     ^
  3 | "
`;

exports[`builder Fixture: error-duplicate-import-namespace: error 1`] = `
"index.js: Identifier 'a' has already been declared (2:12)

  1 | import * as a from \\"./a\\"; // eslint-disable-line
> 2 | import * as a from \\"./a\\"; // eslint-disable-line
    |             ^
  3 | "
`;

exports[`builder Fixture: error-empty-import: error 1`] = `"index.js[quase_builder_js_transformer]:1:19: Empty import"`;

exports[`builder Fixture: error-exports-nothing-export: error 1`] = `"index.js[quase_builder_js_transformer]:1:7: ./a exports nothing. Looking for default"`;

exports[`builder Fixture: error-exports-nothing-export-namespace: error 1`] = `"index.js[quase_builder_js_transformer]:1:0: ./a exports nothing"`;

exports[`builder Fixture: error-exports-nothing-export-namespace-as: error 1`] = `"index.js[quase_builder_js_transformer]:1:7: ./a exports nothing"`;

exports[`builder Fixture: error-exports-nothing-import: error 1`] = `"index.js[quase_builder_js_transformer]:1:7: ./a exports nothing"`;

exports[`builder Fixture: error-shows-original-location: error 1`] = `"index.js[quase_builder_js_transformer]:5:7: ./a doesn't export default"`;

exports[`builder Fixture: override-export-namespace: warnings 1`] = `"Re-exports 'foo' from ./a (1:0) and ./b (2:0). See export.js[quase_builder_js_transformer]"`;

exports[`builder Fixture: override-export-namespace-named: warnings 1`] = `"Re-exports 'foo' from ./a (3:0). See export.js[quase_builder_js_transformer]"`;

exports[`builder Fixture: warn-duplicate-export-namespace: warnings 1`] = `"Re-exports 'foo' from ./a (1:0) and ./b (2:0). See index.js[quase_builder_js_transformer]"`;

exports[`builder Fixture: warn-duplicate-export-namespace-and-named: warnings 1`] = `"Re-exports 'foo' from ./a (1:0). See index.js[quase_builder_js_transformer]"`;
