// Jest Snapshot v1, https://goo.gl/fbAQLP

exports[`watcher Fixture: watch-fixtures/basic 1`] = `
Object {
  "atual/index.js": "\\"use strict\\";({g:typeof self!==\\"undefined\\"?self:Function(\\"return this\\")(),p:function(m){(this.g.__quase_builder__=this.g.__quase_builder__||{q:[]}).q.push(m)}}).p({
\\"16872\\":function($e,$r){$r(\\"95f0a\\");
},
\\"95f0a\\":function($e){$e.default = 10;
}});\\"use strict\\";(function(a,b){function c(){return Object.create(p)}function d(a){return a&&(u?r(a):t&&b(a)),p}function e(a){for(var b in a)x[b]===o&&(x[b]=a[b])}function f(a,b,c){Object.defineProperty(a,b,{enumerable:!0,get:c})}function g(a,b){Object.keys(b).forEach(function(c){\\"default\\"===c||\\"__esModule\\"===c||Object.defineProperty(a,c,{configurable:!0,enumerable:!0,get:function get(){return b[c]}})})}function h(a){return w[a]||x[a]}function j(a){if(w[a])return w[a];var b=x[a];if(x[a]=p,b){var c={};return Object.defineProperty(c,\\"__esModule\\",{writable:!0,value:!0}),w[a]=c,b(c,k,l,f,g),c}throw new Error(\\"Module \\".concat(a,\\" not found\\"))}function k(a){return h(a)||(C[a]||[]).forEach(m),j(a)}function l(a){return q.all(h(a)?[]:(C[a]||[]).map(n)).then(function(){return j(a)})}function m(a){var b=B[a];return y[b]===o&&(y[b]=d(b)),y[b]}function n(a){function b(a){clearTimeout(i),h.onerror=h.onload=o,e[a?1:0](a||p)}function c(){b(new Error(\\"Fetching \\".concat(f,\\" failed\\")))}var f=B[a];if(y[f]!==o)return q.resolve(y[f]);if(z[f])return z[f];var e=[o,o],g=new q(function(a,b){e[0]=function(b){z[f]=o,a(y[f]=b)},e[1]=function(a){z[f]=o,b(a)}});if(z[f]=g,!v)return q.resolve(f).then(d).then(e[0],e[1]),g;var h=s.createElement(\\"script\\");h.type=\\"text/javascript\\",h.charset=\\"utf-8\\",h.async=!0,h.timeout=12e4,h.src=f;var i=setTimeout(c,12e4);return h.onload=function(){b()},h.onerror=c,s.head.appendChild(h),g}var o,p=null,q=a.Promise,r=a.importScripts,s=a.document,t=!!b,u=!!r,v=a.window===a,w=c(),x=c(),y=c(),z=c(),A=t?\\"./\\":\\"/\\",B=[\\"index.js\\"].map(function(a){return A+a}),C={16872:[0],\\"95f0a\\":[0]};k.r=function(a){var b=k(a);return!1===b.__esModule?b.default:b};var D=a.__quase_builder__;if(D){if(Array.isArray(D.q)){for(var E=0;E<D.q.length;E++)e(D.q[E]);D.r=k,D.i=l,D.q={push:e}}return}a.__quase_builder__={r:k,i:l,q:{push:e}}})(\\"undefined\\"==typeof self?Function(\\"return this\\")():self,\\"undefined\\"!=typeof require&&require);__quase_builder__.r(\\"16872\\");
//# sourceMappingURL=index.js.map",
  "atual/index.js.map": "{\\"version\\":3,\\"sources\\":[\\"../working/index.js\\",\\"../working/a.js\\"],\\"names\\":[],\\"mappings\\":\\";wBAAO;;kCCAQ,E\\",\\"file\\":\\"index.js\\",\\"sourcesContent\\":[\\"import \\\\\\"./a\\\\\\";\\\\n\\",\\"export default 10;\\\\n\\"]}",
}
`;

exports[`watcher Fixture: watch-fixtures/basic 2`] = `
"


--------

Assets:

[entry] atual/index.js | 2.2 kB

Done building.
Watching 8 files...

--------

Closed.
"
`;

exports[`watcher Fixture: watch-fixtures/custom-code-frame 1`] = `
Object {
  "atual/index.js": "\\"use strict\\";({g:typeof self!==\\"undefined\\"?self:Function(\\"return this\\")(),p:function(m){(this.g.__quase_builder__=this.g.__quase_builder__||{q:[]}).q.push(m)}}).p({
\\"16872\\":function($e,$r){var _a = $r(\\"95f0a\\");

console.log(_a.default);
console.log(_a.default);
console.log(_a.default);
console.log(_a.default);
},
\\"95f0a\\":function($e){$e.default = 10;
}});\\"use strict\\";(function(a,b){function c(){return Object.create(p)}function d(a){return a&&(u?r(a):t&&b(a)),p}function e(a){for(var b in a)x[b]===o&&(x[b]=a[b])}function f(a,b,c){Object.defineProperty(a,b,{enumerable:!0,get:c})}function g(a,b){Object.keys(b).forEach(function(c){\\"default\\"===c||\\"__esModule\\"===c||Object.defineProperty(a,c,{configurable:!0,enumerable:!0,get:function get(){return b[c]}})})}function h(a){return w[a]||x[a]}function j(a){if(w[a])return w[a];var b=x[a];if(x[a]=p,b){var c={};return Object.defineProperty(c,\\"__esModule\\",{writable:!0,value:!0}),w[a]=c,b(c,k,l,f,g),c}throw new Error(\\"Module \\".concat(a,\\" not found\\"))}function k(a){return h(a)||(C[a]||[]).forEach(m),j(a)}function l(a){return q.all(h(a)?[]:(C[a]||[]).map(n)).then(function(){return j(a)})}function m(a){var b=B[a];return y[b]===o&&(y[b]=d(b)),y[b]}function n(a){function b(a){clearTimeout(i),h.onerror=h.onload=o,e[a?1:0](a||p)}function c(){b(new Error(\\"Fetching \\".concat(f,\\" failed\\")))}var f=B[a];if(y[f]!==o)return q.resolve(y[f]);if(z[f])return z[f];var e=[o,o],g=new q(function(a,b){e[0]=function(b){z[f]=o,a(y[f]=b)},e[1]=function(a){z[f]=o,b(a)}});if(z[f]=g,!v)return q.resolve(f).then(d).then(e[0],e[1]),g;var h=s.createElement(\\"script\\");h.type=\\"text/javascript\\",h.charset=\\"utf-8\\",h.async=!0,h.timeout=12e4,h.src=f;var i=setTimeout(c,12e4);return h.onload=function(){b()},h.onerror=c,s.head.appendChild(h),g}var o,p=null,q=a.Promise,r=a.importScripts,s=a.document,t=!!b,u=!!r,v=a.window===a,w=c(),x=c(),y=c(),z=c(),A=t?\\"./\\":\\"/\\",B=[\\"index.js\\"].map(function(a){return A+a}),C={16872:[0],\\"95f0a\\":[0]};k.r=function(a){var b=k(a);return!1===b.__esModule?b.default:b};var D=a.__quase_builder__;if(D){if(Array.isArray(D.q)){for(var E=0;E<D.q.length;E++)e(D.q[E]);D.r=k,D.i=l,D.q={push:e}}return}a.__quase_builder__={r:k,i:l,q:{push:e}}})(\\"undefined\\"==typeof self?Function(\\"return this\\")():self,\\"undefined\\"!=typeof require&&require);__quase_builder__.r(\\"16872\\");
//# sourceMappingURL=index.js.map",
  "atual/index.js.map": "{\\"version\\":3,\\"sources\\":[\\"../working/index.js\\",\\"../working/a.js\\"],\\"names\\":[\\"console\\",\\"log\\"],\\"mappings\\":\\";wBAAc;;AAEdA,QAAQC,GAAR,CAFO,UAEP;AAEAD,QAAQC,GAAR,CAJO,UAIP;AAEAD,QAAQC,GAAR,CANO,UAMP;AAEAD,QAAQC,GAAR,CARO,UAQP;;kCCRe,E\\",\\"file\\":\\"index.js\\",\\"sourcesContent\\":[\\"import a from \\\\\\"./a\\\\\\";\\\\n\\\\nconsole.log( a );\\\\n\\\\nconsole.log( a );\\\\n\\\\nconsole.log( a );\\\\n\\\\nconsole.log( a );\\\\n\\",\\"export default 10;\\"]}",
}
`;

exports[`watcher Fixture: watch-fixtures/custom-code-frame 2`] = `
"


--------

Could not resolve ./a. See index.js:1:14

> 1 | import a from \\"./a\\";
  2 | 
  3 | console.log( a );
  4 | 
  5 | console.log( a );
  6 | 

Build failed.
Watching 11 files...

--------

File working/a.js was changed.

--------

./a exports nothing. Looking for default. See index.js:1:7

> 1 | import a from \\"./a\\";
  2 | 
  3 | console.log( a );
  4 | 
  5 | console.log( a );
  6 | 

Build failed.
Watching 11 files...

--------

File working/a.js was changed.

--------

Assets:

[entry] atual/index.js | 2.31 kB

Done building.
Watching 11 files...

--------

File working/a.js was removed.

--------

Could not resolve ./a. See index.js:1:14

> 1 | import a from \\"./a\\";
  2 | 
  3 | console.log( a );
  4 | 
  5 | console.log( a );
  6 | 

Build failed.
Watching 11 files...

--------

Closed.
"
`;

exports[`watcher Fixture: watch-fixtures/performance-hints 1`] = `
Object {
  "atual/index.html": "<!DOCTYPE ><html><head></head><body>
    <script>\\"use strict\\";(function(a,b){function c(){return Object.create(p)}function d(a){return a&&(u?r(a):t&&b(a)),p}function e(a){for(var b in a)x[b]===o&&(x[b]=a[b])}function f(a,b,c){Object.defineProperty(a,b,{enumerable:!0,get:c})}function g(a,b){Object.keys(b).forEach(function(c){\\"default\\"===c||\\"__esModule\\"===c||Object.defineProperty(a,c,{configurable:!0,enumerable:!0,get:function get(){return b[c]}})})}function h(a){return w[a]||x[a]}function j(a){if(w[a])return w[a];var b=x[a];if(x[a]=p,b){var c={};return Object.defineProperty(c,\\"__esModule\\",{writable:!0,value:!0}),w[a]=c,b(c,k,l,f,g),c}throw new Error(\\"Module \\".concat(a,\\" not found\\"))}function k(a){return h(a)||(C[a]||[]).forEach(m),j(a)}function l(a){return q.all(h(a)?[]:(C[a]||[]).map(n)).then(function(){return j(a)})}function m(a){var b=B[a];return y[b]===o&&(y[b]=d(b)),y[b]}function n(a){function b(a){clearTimeout(i),h.onerror=h.onload=o,e[a?1:0](a||p)}function c(){b(new Error(\\"Fetching \\".concat(f,\\" failed\\")))}var f=B[a];if(y[f]!==o)return q.resolve(y[f]);if(z[f])return z[f];var e=[o,o],g=new q(function(a,b){e[0]=function(b){z[f]=o,a(y[f]=b)},e[1]=function(a){z[f]=o,b(a)}});if(z[f]=g,!v)return q.resolve(f).then(d).then(e[0],e[1]),g;var h=s.createElement(\\"script\\");h.type=\\"text/javascript\\",h.charset=\\"utf-8\\",h.async=!0,h.timeout=12e4,h.src=f;var i=setTimeout(c,12e4);return h.onload=function(){b()},h.onerror=c,s.head.appendChild(h),g}var o,p=null,q=a.Promise,r=a.importScripts,s=a.document,t=!!b,u=!!r,v=a.window===a,w=c(),x=c(),y=c(),z=c(),A=t?\\"./\\":\\"/\\",B=[\\"index.js\\",\\"index.html\\"].map(function(a){return A+a}),C={16872:[0],eacf3:[1,0],\\"95f0a\\":[0]};k.r=function(a){var b=k(a);return!1===b.__esModule?b.default:b};var D=a.__quase_builder__;if(D){if(Array.isArray(D.q)){for(var E=0;E<D.q.length;E++)e(D.q[E]);D.r=k,D.i=l,D.q={push:e}}return}a.__quase_builder__={r:k,i:l,q:{push:e}}})(\\"undefined\\"==typeof self?Function(\\"return this\\")():self,\\"undefined\\"!=typeof require&&require);</script><script type=\\"text/javascript\\" defer=\\"\\" src=\\"/index.js\\"></script><script defer=\\"\\" src=\\"data:text/javascript,__quase_builder__.r('16872');\\"></script>
  

</body></html>",
  "atual/index.js": "\\"use strict\\";({g:typeof self!==\\"undefined\\"?self:Function(\\"return this\\")(),p:function(m){(this.g.__quase_builder__=this.g.__quase_builder__||{q:[]}).q.push(m)}}).p({
\\"16872\\":function($e,$r){$r(\\"95f0a\\");
},
\\"95f0a\\":function($e){$e.default = 10;
}});
//# sourceMappingURL=index.js.map",
  "atual/index.js.map": "{\\"version\\":3,\\"sources\\":[\\"../working/index.js\\",\\"../working/a.js\\"],\\"names\\":[],\\"mappings\\":\\";wBAAO;;kCCAQ,E\\",\\"file\\":\\"index.js\\",\\"sourcesContent\\":[\\"import \\\\\\"./a\\\\\\";\\\\n\\",\\"export default 10;\\\\n\\"]}",
}
`;

exports[`watcher Fixture: watch-fixtures/performance-hints 2`] = `
"


--------

Assets:

atual/index.js | 247 B > 100 B [performance!]
[entry] atual/index.html | 2.17 kB > 10 B [performance!]

Done building.
Watching 9 files...

--------

Closed.
"
`;

exports[`watcher Fixture: watch-fixtures/watches-missing-entry 1`] = `
Object {
  "atual/index.js": "\\"use strict\\";({g:typeof self!==\\"undefined\\"?self:Function(\\"return this\\")(),p:function(m){(this.g.__quase_builder__=this.g.__quase_builder__||{q:[]}).q.push(m)}}).p({
\\"16872\\":function(){
}});\\"use strict\\";(function(a,b){function c(){return Object.create(p)}function d(a){return a&&(u?r(a):t&&b(a)),p}function e(a){for(var b in a)x[b]===o&&(x[b]=a[b])}function f(a,b,c){Object.defineProperty(a,b,{enumerable:!0,get:c})}function g(a,b){Object.keys(b).forEach(function(c){\\"default\\"===c||\\"__esModule\\"===c||Object.defineProperty(a,c,{configurable:!0,enumerable:!0,get:function get(){return b[c]}})})}function h(a){return w[a]||x[a]}function j(a){if(w[a])return w[a];var b=x[a];if(x[a]=p,b){var c={};return Object.defineProperty(c,\\"__esModule\\",{writable:!0,value:!0}),w[a]=c,b(c,k,l,f,g),c}throw new Error(\\"Module \\".concat(a,\\" not found\\"))}function k(a){return h(a)||(C[a]||[]).forEach(m),j(a)}function l(a){return q.all(h(a)?[]:(C[a]||[]).map(n)).then(function(){return j(a)})}function m(a){var b=B[a];return y[b]===o&&(y[b]=d(b)),y[b]}function n(a){function b(a){clearTimeout(i),h.onerror=h.onload=o,e[a?1:0](a||p)}function c(){b(new Error(\\"Fetching \\".concat(f,\\" failed\\")))}var f=B[a];if(y[f]!==o)return q.resolve(y[f]);if(z[f])return z[f];var e=[o,o],g=new q(function(a,b){e[0]=function(b){z[f]=o,a(y[f]=b)},e[1]=function(a){z[f]=o,b(a)}});if(z[f]=g,!v)return q.resolve(f).then(d).then(e[0],e[1]),g;var h=s.createElement(\\"script\\");h.type=\\"text/javascript\\",h.charset=\\"utf-8\\",h.async=!0,h.timeout=12e4,h.src=f;var i=setTimeout(c,12e4);return h.onload=function(){b()},h.onerror=c,s.head.appendChild(h),g}var o,p=null,q=a.Promise,r=a.importScripts,s=a.document,t=!!b,u=!!r,v=a.window===a,w=c(),x=c(),y=c(),z=c(),A=t?\\"./\\":\\"/\\",B=[\\"index.js\\"].map(function(a){return A+a}),C={16872:[0]};k.r=function(a){var b=k(a);return!1===b.__esModule?b.default:b};var D=a.__quase_builder__;if(D){if(Array.isArray(D.q)){for(var E=0;E<D.q.length;E++)e(D.q[E]);D.r=k,D.i=l,D.q={push:e}}return}a.__quase_builder__={r:k,i:l,q:{push:e}}})(\\"undefined\\"==typeof self?Function(\\"return this\\")():self,\\"undefined\\"!=typeof require&&require);__quase_builder__.r(\\"16872\\");
//# sourceMappingURL=index.js.map",
  "atual/index.js.map": "{\\"version\\":3,\\"sources\\":[],\\"names\\":[],\\"mappings\\":\\"\\",\\"file\\":\\"index.js\\"}",
}
`;

exports[`watcher Fixture: watch-fixtures/watches-missing-entry 2`] = `
"


--------

Could not find index.js

Build failed.
Watching 1 files...

--------

File working/index.js was changed.

--------

Assets:

[entry] atual/index.js | 2.13 kB

Done building.
Watching 1 files...

--------

Closed.
"
`;

exports[`watcher Fixture: watch-fixtures/watches-missing-file 1`] = `
Object {
  "atual/index.js": "\\"use strict\\";({g:typeof self!==\\"undefined\\"?self:Function(\\"return this\\")(),p:function(m){(this.g.__quase_builder__=this.g.__quase_builder__||{q:[]}).q.push(m)}}).p({
\\"16872\\":function($e,$r){var _a = $r(\\"95f0a\\");
},
\\"95f0a\\":function($e){$e.default = 10;
}});\\"use strict\\";(function(a,b){function c(){return Object.create(p)}function d(a){return a&&(u?r(a):t&&b(a)),p}function e(a){for(var b in a)x[b]===o&&(x[b]=a[b])}function f(a,b,c){Object.defineProperty(a,b,{enumerable:!0,get:c})}function g(a,b){Object.keys(b).forEach(function(c){\\"default\\"===c||\\"__esModule\\"===c||Object.defineProperty(a,c,{configurable:!0,enumerable:!0,get:function get(){return b[c]}})})}function h(a){return w[a]||x[a]}function j(a){if(w[a])return w[a];var b=x[a];if(x[a]=p,b){var c={};return Object.defineProperty(c,\\"__esModule\\",{writable:!0,value:!0}),w[a]=c,b(c,k,l,f,g),c}throw new Error(\\"Module \\".concat(a,\\" not found\\"))}function k(a){return h(a)||(C[a]||[]).forEach(m),j(a)}function l(a){return q.all(h(a)?[]:(C[a]||[]).map(n)).then(function(){return j(a)})}function m(a){var b=B[a];return y[b]===o&&(y[b]=d(b)),y[b]}function n(a){function b(a){clearTimeout(i),h.onerror=h.onload=o,e[a?1:0](a||p)}function c(){b(new Error(\\"Fetching \\".concat(f,\\" failed\\")))}var f=B[a];if(y[f]!==o)return q.resolve(y[f]);if(z[f])return z[f];var e=[o,o],g=new q(function(a,b){e[0]=function(b){z[f]=o,a(y[f]=b)},e[1]=function(a){z[f]=o,b(a)}});if(z[f]=g,!v)return q.resolve(f).then(d).then(e[0],e[1]),g;var h=s.createElement(\\"script\\");h.type=\\"text/javascript\\",h.charset=\\"utf-8\\",h.async=!0,h.timeout=12e4,h.src=f;var i=setTimeout(c,12e4);return h.onload=function(){b()},h.onerror=c,s.head.appendChild(h),g}var o,p=null,q=a.Promise,r=a.importScripts,s=a.document,t=!!b,u=!!r,v=a.window===a,w=c(),x=c(),y=c(),z=c(),A=t?\\"./\\":\\"/\\",B=[\\"index.js\\"].map(function(a){return A+a}),C={16872:[0],\\"95f0a\\":[0]};k.r=function(a){var b=k(a);return!1===b.__esModule?b.default:b};var D=a.__quase_builder__;if(D){if(Array.isArray(D.q)){for(var E=0;E<D.q.length;E++)e(D.q[E]);D.r=k,D.i=l,D.q={push:e}}return}a.__quase_builder__={r:k,i:l,q:{push:e}}})(\\"undefined\\"==typeof self?Function(\\"return this\\")():self,\\"undefined\\"!=typeof require&&require);__quase_builder__.r(\\"16872\\");
//# sourceMappingURL=index.js.map",
  "atual/index.js.map": "{\\"version\\":3,\\"sources\\":[\\"../working/index.js\\",\\"../working/a.js\\"],\\"names\\":[],\\"mappings\\":\\";wBAAc;;kCCAC,E\\",\\"file\\":\\"index.js\\",\\"sourcesContent\\":[\\"import a from \\\\\\"./a\\\\\\";\\\\n\\",\\"export default 10;\\"]}",
}
`;

exports[`watcher Fixture: watch-fixtures/watches-missing-file 2`] = `
"


--------

Could not resolve ./a. See index.js:1:14

> 1 | import a from \\"./a\\";
  2 | 

Build failed.
Watching 11 files...

--------

File working/a.js was changed.

--------

./a exports nothing. Looking for default. See index.js:1:7

> 1 | import a from \\"./a\\";
  2 | 

Build failed.
Watching 11 files...

--------

File working/a.js was changed.

--------

Assets:

[entry] atual/index.js | 2.21 kB

Done building.
Watching 11 files...

--------

File working/a.js was removed.

--------

Could not resolve ./a. See index.js:1:14

> 1 | import a from \\"./a\\";
  2 | 

Build failed.
Watching 11 files...

--------

Closed.
"
`;

exports[`watcher Fixture: watch-fixtures/watches-modules-in-cache 1`] = `
Object {
  "atual/index.js": "\\"use strict\\";({g:typeof self!==\\"undefined\\"?self:Function(\\"return this\\")(),p:function(m){(this.g.__quase_builder__=this.g.__quase_builder__||{q:[]}).q.push(m)}}).p({
\\"16872\\":function($e,$r){var _a = $r(\\"95f0a\\");
},
\\"95f0a\\":function($e){$e.default = 30;
}});\\"use strict\\";(function(a,b){function c(){return Object.create(p)}function d(a){return a&&(u?r(a):t&&b(a)),p}function e(a){for(var b in a)x[b]===o&&(x[b]=a[b])}function f(a,b,c){Object.defineProperty(a,b,{enumerable:!0,get:c})}function g(a,b){Object.keys(b).forEach(function(c){\\"default\\"===c||\\"__esModule\\"===c||Object.defineProperty(a,c,{configurable:!0,enumerable:!0,get:function get(){return b[c]}})})}function h(a){return w[a]||x[a]}function j(a){if(w[a])return w[a];var b=x[a];if(x[a]=p,b){var c={};return Object.defineProperty(c,\\"__esModule\\",{writable:!0,value:!0}),w[a]=c,b(c,k,l,f,g),c}throw new Error(\\"Module \\".concat(a,\\" not found\\"))}function k(a){return h(a)||(C[a]||[]).forEach(m),j(a)}function l(a){return q.all(h(a)?[]:(C[a]||[]).map(n)).then(function(){return j(a)})}function m(a){var b=B[a];return y[b]===o&&(y[b]=d(b)),y[b]}function n(a){function b(a){clearTimeout(i),h.onerror=h.onload=o,e[a?1:0](a||p)}function c(){b(new Error(\\"Fetching \\".concat(f,\\" failed\\")))}var f=B[a];if(y[f]!==o)return q.resolve(y[f]);if(z[f])return z[f];var e=[o,o],g=new q(function(a,b){e[0]=function(b){z[f]=o,a(y[f]=b)},e[1]=function(a){z[f]=o,b(a)}});if(z[f]=g,!v)return q.resolve(f).then(d).then(e[0],e[1]),g;var h=s.createElement(\\"script\\");h.type=\\"text/javascript\\",h.charset=\\"utf-8\\",h.async=!0,h.timeout=12e4,h.src=f;var i=setTimeout(c,12e4);return h.onload=function(){b()},h.onerror=c,s.head.appendChild(h),g}var o,p=null,q=a.Promise,r=a.importScripts,s=a.document,t=!!b,u=!!r,v=a.window===a,w=c(),x=c(),y=c(),z=c(),A=t?\\"./\\":\\"/\\",B=[\\"index.js\\"].map(function(a){return A+a}),C={16872:[0],\\"95f0a\\":[0]};k.r=function(a){var b=k(a);return!1===b.__esModule?b.default:b};var D=a.__quase_builder__;if(D){if(Array.isArray(D.q)){for(var E=0;E<D.q.length;E++)e(D.q[E]);D.r=k,D.i=l,D.q={push:e}}return}a.__quase_builder__={r:k,i:l,q:{push:e}}})(\\"undefined\\"==typeof self?Function(\\"return this\\")():self,\\"undefined\\"!=typeof require&&require);__quase_builder__.r(\\"16872\\");
//# sourceMappingURL=index.js.map",
  "atual/index.js.map": "{\\"version\\":3,\\"sources\\":[\\"../working/index.js\\",\\"../working/a.js\\"],\\"names\\":[],\\"mappings\\":\\";wBAAc;;kCCAC,E\\",\\"file\\":\\"index.js\\",\\"sourcesContent\\":[\\"import a from './a';\\",\\"export default 30;\\"]}",
}
`;

exports[`watcher Fixture: watch-fixtures/watches-modules-in-cache 2`] = `
"


--------

Assets:

[entry] atual/index.js | 2.21 kB

Done building.
Watching 8 files...

--------

File working/index.js was changed.

--------

Could not resolve ./stuff. See index.js:1:18

> 1 | import stuff from './stuff';

Build failed.
Watching 13 files...

--------

File working/a.js was changed.
Build not necessary.

--------

File working/index.js was changed.

--------

Assets:

[entry] atual/index.js | 2.21 kB

Done building.
Watching 13 files...

--------

Closed.
"
`;

exports[`watcher Fixture: watch-fixtures/watches-other-extensions 1`] = `
Object {
  "atual/index.js": "\\"use strict\\";({g:typeof self!==\\"undefined\\"?self:Function(\\"return this\\")(),p:function(m){(this.g.__quase_builder__=this.g.__quase_builder__||{q:[]}).q.push(m)}}).p({
\\"16872\\":function($e,$r){$r(\\"95f0a\\");
},
\\"95f0a\\":function($e){$e.default = 40;
}});\\"use strict\\";(function(a,b){function c(){return Object.create(p)}function d(a){return a&&(u?r(a):t&&b(a)),p}function e(a){for(var b in a)x[b]===o&&(x[b]=a[b])}function f(a,b,c){Object.defineProperty(a,b,{enumerable:!0,get:c})}function g(a,b){Object.keys(b).forEach(function(c){\\"default\\"===c||\\"__esModule\\"===c||Object.defineProperty(a,c,{configurable:!0,enumerable:!0,get:function get(){return b[c]}})})}function h(a){return w[a]||x[a]}function j(a){if(w[a])return w[a];var b=x[a];if(x[a]=p,b){var c={};return Object.defineProperty(c,\\"__esModule\\",{writable:!0,value:!0}),w[a]=c,b(c,k,l,f,g),c}throw new Error(\\"Module \\".concat(a,\\" not found\\"))}function k(a){return h(a)||(C[a]||[]).forEach(m),j(a)}function l(a){return q.all(h(a)?[]:(C[a]||[]).map(n)).then(function(){return j(a)})}function m(a){var b=B[a];return y[b]===o&&(y[b]=d(b)),y[b]}function n(a){function b(a){clearTimeout(i),h.onerror=h.onload=o,e[a?1:0](a||p)}function c(){b(new Error(\\"Fetching \\".concat(f,\\" failed\\")))}var f=B[a];if(y[f]!==o)return q.resolve(y[f]);if(z[f])return z[f];var e=[o,o],g=new q(function(a,b){e[0]=function(b){z[f]=o,a(y[f]=b)},e[1]=function(a){z[f]=o,b(a)}});if(z[f]=g,!v)return q.resolve(f).then(d).then(e[0],e[1]),g;var h=s.createElement(\\"script\\");h.type=\\"text/javascript\\",h.charset=\\"utf-8\\",h.async=!0,h.timeout=12e4,h.src=f;var i=setTimeout(c,12e4);return h.onload=function(){b()},h.onerror=c,s.head.appendChild(h),g}var o,p=null,q=a.Promise,r=a.importScripts,s=a.document,t=!!b,u=!!r,v=a.window===a,w=c(),x=c(),y=c(),z=c(),A=t?\\"./\\":\\"/\\",B=[\\"index.js\\"].map(function(a){return A+a}),C={16872:[0],\\"95f0a\\":[0]};k.r=function(a){var b=k(a);return!1===b.__esModule?b.default:b};var D=a.__quase_builder__;if(D){if(Array.isArray(D.q)){for(var E=0;E<D.q.length;E++)e(D.q[E]);D.r=k,D.i=l,D.q={push:e}}return}a.__quase_builder__={r:k,i:l,q:{push:e}}})(\\"undefined\\"==typeof self?Function(\\"return this\\")():self,\\"undefined\\"!=typeof require&&require);__quase_builder__.r(\\"16872\\");
//# sourceMappingURL=index.js.map",
  "atual/index.js.map": "{\\"version\\":3,\\"sources\\":[\\"../working/index.js\\",\\"../working/a.js\\"],\\"names\\":[],\\"mappings\\":\\";wBAAO;;kCCAQ,E\\",\\"file\\":\\"index.js\\",\\"sourcesContent\\":[\\"import \\\\\\"./a\\\\\\";\\\\n\\",\\"export default 40;\\"]}",
}
`;

exports[`watcher Fixture: watch-fixtures/watches-other-extensions 2`] = `
"


--------

Assets:

[entry] atual/index.js | 2.19 kB

Done building.
Watching 9 files...

--------

File working/a.js was changed.

--------

Assets:

[entry] atual/index.js | 2.2 kB

Done building.
Watching 9 files...

--------

Closed.
"
`;

exports[`watcher Fixture: watch-fixtures/watches-rename 1`] = `
Object {
  "atual/index.js": "\\"use strict\\";({g:typeof self!==\\"undefined\\"?self:Function(\\"return this\\")(),p:function(m){(this.g.__quase_builder__=this.g.__quase_builder__||{q:[]}).q.push(m)}}).p({
\\"16872\\":function($e,$r){var _b = $r(\\"656ad\\");
},
\\"656ad\\":function($e){$e.default = 10;
}});\\"use strict\\";(function(a,b){function c(){return Object.create(p)}function d(a){return a&&(u?r(a):t&&b(a)),p}function e(a){for(var b in a)x[b]===o&&(x[b]=a[b])}function f(a,b,c){Object.defineProperty(a,b,{enumerable:!0,get:c})}function g(a,b){Object.keys(b).forEach(function(c){\\"default\\"===c||\\"__esModule\\"===c||Object.defineProperty(a,c,{configurable:!0,enumerable:!0,get:function get(){return b[c]}})})}function h(a){return w[a]||x[a]}function j(a){if(w[a])return w[a];var b=x[a];if(x[a]=p,b){var c={};return Object.defineProperty(c,\\"__esModule\\",{writable:!0,value:!0}),w[a]=c,b(c,k,l,f,g),c}throw new Error(\\"Module \\".concat(a,\\" not found\\"))}function k(a){return h(a)||(C[a]||[]).forEach(m),j(a)}function l(a){return q.all(h(a)?[]:(C[a]||[]).map(n)).then(function(){return j(a)})}function m(a){var b=B[a];return y[b]===o&&(y[b]=d(b)),y[b]}function n(a){function b(a){clearTimeout(i),h.onerror=h.onload=o,e[a?1:0](a||p)}function c(){b(new Error(\\"Fetching \\".concat(f,\\" failed\\")))}var f=B[a];if(y[f]!==o)return q.resolve(y[f]);if(z[f])return z[f];var e=[o,o],g=new q(function(a,b){e[0]=function(b){z[f]=o,a(y[f]=b)},e[1]=function(a){z[f]=o,b(a)}});if(z[f]=g,!v)return q.resolve(f).then(d).then(e[0],e[1]),g;var h=s.createElement(\\"script\\");h.type=\\"text/javascript\\",h.charset=\\"utf-8\\",h.async=!0,h.timeout=12e4,h.src=f;var i=setTimeout(c,12e4);return h.onload=function(){b()},h.onerror=c,s.head.appendChild(h),g}var o,p=null,q=a.Promise,r=a.importScripts,s=a.document,t=!!b,u=!!r,v=a.window===a,w=c(),x=c(),y=c(),z=c(),A=t?\\"./\\":\\"/\\",B=[\\"index.js\\"].map(function(a){return A+a}),C={16872:[0],\\"656ad\\":[0]};k.r=function(a){var b=k(a);return!1===b.__esModule?b.default:b};var D=a.__quase_builder__;if(D){if(Array.isArray(D.q)){for(var E=0;E<D.q.length;E++)e(D.q[E]);D.r=k,D.i=l,D.q={push:e}}return}a.__quase_builder__={r:k,i:l,q:{push:e}}})(\\"undefined\\"==typeof self?Function(\\"return this\\")():self,\\"undefined\\"!=typeof require&&require);__quase_builder__.r(\\"16872\\");
//# sourceMappingURL=index.js.map",
  "atual/index.js.map": "{\\"version\\":3,\\"sources\\":[\\"../working/index.js\\",\\"../working/b.js\\"],\\"names\\":[],\\"mappings\\":\\";wBAAc;;kCCAC,E\\",\\"file\\":\\"index.js\\",\\"sourcesContent\\":[\\"import b from './b';\\",\\"export default 10;\\\\n\\"]}",
}
`;

exports[`watcher Fixture: watch-fixtures/watches-rename 2`] = `
"


--------

Assets:

[entry] atual/index.js | 2.21 kB

Done building.
Watching 8 files...

--------

File working/a.js was removed.

--------

Could not resolve ./a. See index.js:1:14

> 1 | import a from \\"./a\\";
  2 | 

Build failed.
Watching 11 files...

--------

File working/index.js was changed.

--------

Assets:

[entry] atual/index.js | 2.21 kB

Done building.
Watching 13 files...

--------

Closed.
"
`;
