// Jest Snapshot v1, https://goo.gl/fbAQLP

exports[`cli accept help for subcommand 1`] = `
"
  Description

  Custom subcommand help
"
`;

exports[`cli basic 1`] = `
"
  Description

  Usage
    foo <input>
      
"
`;

exports[`cli basic 2`] = `
Array [
  Array [
    "
                                                         
                                                         
             Update available [2m0.0.1[22m[0m â†’ [0m[32m0.2.0[39m              
    Run [36myarn add @quase/eslint-config-quase[39m to update    
                                                         
                                                         ",
  ],
]
`;

exports[`cli generate help 1`] = `
"
  Description

  Usage: $ bin something

  Options:
    --number, -n, -n2 number description (default: 0)
    --unicorn, -u     unicorn description
    --meow            (default: \\"dog\\") [string]
    --boolean         boolean description (default: false) [boolean]
    --boolean-no      boolean no description (default: true) [boolean]
    --object          [object]
    --object.prop     [string]
    --tuple           tuple [array]
    --array           array of strings [array]
    --union           union [string | number | array]
    --union.0         [string]
    --choices1        choices1 (default: 0) [0 | 1 | 2]
    --choices2        choices2 (default: 0) [0 | 1 | 2]
    --camel-case      description [string]
    --no-description 
"
`;

exports[`cli generate help for subcommand 1`] = `
"
  Description

  Usage: $ bin fooCommand [options]

  foo command description

  Options:
    --number, -n, -n2 number description (default: 0)
    --unicorn, -u     unicorn description
    --boolean         boolean description (default: true) [boolean]
"
`;

exports[`cli generate help with subcommands 1`] = `
"
  Description

  Usage: $ bin <command> [options]

  Commands:
    foo-command    foo command description
    no-description

  Options:
    --unicorn, -u unicorn description
"
`;

exports[`cli generate help with subcommands including options of default command 1`] = `
"
  Description

  Usage: $ bin <command> [options]

  Commands:
    foo-command foo command description [default]

  Options:
    --number, -n, -n2 number description (default: 0)
"
`;
