// Jest Snapshot v1, https://goo.gl/fbAQLP

exports[`installer basic 1`] = `
"{ [Function] sync: [Function] }
{ [Function] sync: [Function] }
{ name: 'read-pkg',
  version: '2.0.0',
  description: 'Read a package.json file',
  license: 'MIT',
  repository: 'sindresorhus/read-pkg',
  author:
   { name: 'Sindre Sorhus',
     email: 'sindresorhus@gmail.com',
     url: 'sindresorhus.com' },
  engines: { node: '>=4' },
  scripts: { test: 'xo && ava' },
  files: [ 'index.js' ],
  keywords:
   [ 'json',
     'read',
     'parse',
     'file',
     'fs',
     'graceful',
     'load',
     'pkg',
     'package',
     'normalize' ],
  dependencies:
   { 'load-json-file': '^2.0.0',
     'normalize-package-data': '^2.3.2',
     'path-type': '^2.0.0' },
  devDependencies: { ava: '*', xo: '*' },
  xo: { esnext: true },
  _resolved: '',
  _integrity: 'sha1-jvHAYjxqbbDcZxPEv6xGMysjaPg=',
  _from: 'https://registry.npmjs.org/read-pkg/-/read-pkg-2.0.0.tgz' }
{ name: 'write-pkg',
  version: '3.1.0',
  description: 'Write a package.json file',
  license: 'MIT',
  repository: 'sindresorhus/write-pkg',
  author:
   { name: 'Sindre Sorhus',
     email: 'sindresorhus@gmail.com',
     url: 'sindresorhus.com' },
  engines: { node: '>=4' },
  scripts: { test: 'xo && ava' },
  files: [ 'index.js' ],
  keywords:
   [ 'json',
     'write',
     'stringify',
     'file',
     'fs',
     'graceful',
     'pkg',
     'package' ],
  dependencies: { 'sort-keys': '^2.0.0', 'write-json-file': '^2.2.0' },
  devDependencies:
   { ava: '*', 'read-pkg': '^2.0.0', tempfile: '^2.0.0', xo: '*' },
  _resolved: '',
  _integrity: 'sha1-AwqZlMyZk9JbTnWp8aGSNgcpHOk=',
  _from: 'https://registry.npmjs.org/write-pkg/-/write-pkg-3.1.0.tgz' }

child process exited with code 0"
`;

exports[`installer basic 2`] = `
"{
	\\"v\\": \\"1\\",
	\\"resolutions\\": [
		[
			\\"builtin-modules\\",
			\\"1.1.1\\",
			\\"https://registry.npmjs.org/builtin-modules/-/builtin-modules-1.1.1.tgz\\",
			\\"sha1-Jw8HbFpywC9bZaR9+Uxf46J4iS8=\\",
			{}
		],
		[
			\\"detect-indent\\",
			\\"5.0.0\\",
			\\"https://registry.npmjs.org/detect-indent/-/detect-indent-5.0.0.tgz\\",
			\\"sha1-OHHMCmoALow+Wzz38zYmRnXwa50=\\",
			{}
		],
		[
			\\"error-ex\\",
			\\"1.3.2\\",
			\\"https://registry.npmjs.org/error-ex/-/error-ex-1.3.2.tgz\\",
			\\"sha512-7dFHNmqeFSEt2ZBsCriorKnn3Z2pj+fd9kmI6QoWw4//DL+icEBfc0U7qJCisqrTsKTjw4fNFy2pW9OqStD84g==\\",
			{
				\\"is-arrayish\\": 3
			}
		],
		[
			\\"is-arrayish\\",
			\\"0.2.1\\",
			\\"https://registry.npmjs.org/is-arrayish/-/is-arrayish-0.2.1.tgz\\",
			\\"sha1-d8mYQFJ6qOyxqLppe4BkWnqSap0=\\",
			{}
		],
		[
			\\"graceful-fs\\",
			\\"4.1.11\\",
			\\"https://registry.npmjs.org/graceful-fs/-/graceful-fs-4.1.11.tgz\\",
			\\"sha1-Dovf5NHduIVNZOBOp8AOKgJuVlg=\\",
			{}
		],
		[
			\\"hosted-git-info\\",
			\\"2.7.1\\",
			\\"https://registry.npmjs.org/hosted-git-info/-/hosted-git-info-2.7.1.tgz\\",
			\\"sha512-7T/BxH19zbcCTa8XkMlbK5lTo1WtgkFi3GvdWEyNuc4Vex7/9Dqbnpsf4JMydcfj9HCg4zUWFTL3Za6lapg5/w==\\",
			{}
		],
		[
			\\"imurmurhash\\",
			\\"0.1.4\\",
			\\"https://registry.npmjs.org/imurmurhash/-/imurmurhash-0.1.4.tgz\\",
			\\"sha1-khi5srkoojixPcT7a21XbyMUU+o=\\",
			{}
		],
		[
			\\"is-builtin-module\\",
			\\"1.0.0\\",
			\\"https://registry.npmjs.org/is-builtin-module/-/is-builtin-module-1.0.0.tgz\\",
			\\"sha1-VAVy0096wxGfj3bDDLwbHgN6/74=\\",
			{
				\\"builtin-modules\\": 0
			}
		],
		[
			\\"is-plain-obj\\",
			\\"1.1.0\\",
			\\"https://registry.npmjs.org/is-plain-obj/-/is-plain-obj-1.1.0.tgz\\",
			\\"sha1-caUMhCnfync8kqOQpKA7OfzVHT4=\\",
			{}
		],
		[
			\\"load-json-file\\",
			\\"2.0.0\\",
			\\"https://registry.npmjs.org/load-json-file/-/load-json-file-2.0.0.tgz\\",
			\\"sha1-eUfkIUmvgNaWy/eXvKq8/h/inKg=\\",
			{
				\\"graceful-fs\\": 4,
				\\"parse-json\\": 10,
				\\"pify\\": 11,
				\\"strip-bom\\": 12
			}
		],
		[
			\\"parse-json\\",
			\\"2.2.0\\",
			\\"https://registry.npmjs.org/parse-json/-/parse-json-2.2.0.tgz\\",
			\\"sha1-9ID0BDTvgHQfhGkJn43qGPVaTck=\\",
			{
				\\"error-ex\\": 2
			}
		],
		[
			\\"pify\\",
			\\"2.3.0\\",
			\\"https://registry.npmjs.org/pify/-/pify-2.3.0.tgz\\",
			\\"sha1-7RQaasBDqEnqWISY59yosVMw6Qw=\\",
			{}
		],
		[
			\\"strip-bom\\",
			\\"3.0.0\\",
			\\"https://registry.npmjs.org/strip-bom/-/strip-bom-3.0.0.tgz\\",
			\\"sha1-IzTBjpx1n3vdVv3vfprj1YjmjtM=\\",
			{}
		],
		[
			\\"lock-cli\\",
			\\"1.2.0\\",
			\\"https://registry.npmjs.org/lock-cli/-/lock-cli-1.2.0.tgz\\",
			\\"sha1-oFCUUw4cXLH+Zy44mba+PgoZUNI=\\",
			{
				\\"lock-system\\": 14
			}
		],
		[
			\\"lock-system\\",
			\\"1.3.0\\",
			\\"https://registry.npmjs.org/lock-system/-/lock-system-1.3.0.tgz\\",
			\\"sha512-gSMfmR+PygNDe5FFN9FNguRT1oyqE05XVCL0Pn62tNqe8X2CfDDBNkEF67lqOlWQ3C2u6hJ4YxAq8cyJ0EO9KQ==\\",
			{}
		],
		[
			\\"make-dir\\",
			\\"1.3.0\\",
			\\"https://registry.npmjs.org/make-dir/-/make-dir-1.3.0.tgz\\",
			\\"sha512-2w31R7SJtieJJnQtGc7RVL2StM2vGYVfqUOvUDxH6bC6aJTxPxTF0GnIgCyu7tjockiUWAYQRbxa7vKn34s5sQ==\\",
			{
				\\"pify\\": 16
			}
		],
		[
			\\"pify\\",
			\\"3.0.0\\",
			\\"https://registry.npmjs.org/pify/-/pify-3.0.0.tgz\\",
			\\"sha1-5aSs0sEB/fPZpNB/DbxNtJ3SgXY=\\",
			{}
		],
		[
			\\"normalize-package-data\\",
			\\"2.4.0\\",
			\\"https://registry.npmjs.org/normalize-package-data/-/normalize-package-data-2.4.0.tgz\\",
			\\"sha512-9jjUFbTPfEy3R/ad/2oNbKtW9Hgovl5O1FvFWKkKblNXoN/Oou6+9+KKohPK13Yc3/TyunyWhJp6gvRNR/PPAw==\\",
			{
				\\"hosted-git-info\\": 5,
				\\"is-builtin-module\\": 7,
				\\"semver\\": 18,
				\\"validate-npm-package-license\\": 19
			}
		],
		[
			\\"semver\\",
			\\"5.5.1\\",
			\\"https://registry.npmjs.org/semver/-/semver-5.5.1.tgz\\",
			\\"sha512-PqpAxfrEhlSUWge8dwIp4tZnQ25DIOthpiaHNIthsjEFQD6EvqUKUDM7L8O2rShkFccYo1VjJR0coWfNkCubRw==\\",
			{}
		],
		[
			\\"validate-npm-package-license\\",
			\\"3.0.4\\",
			\\"https://registry.npmjs.org/validate-npm-package-license/-/validate-npm-package-license-3.0.4.tgz\\",
			\\"sha512-DpKm2Ui/xN7/HQKCtpZxoRWBhZ9Z0kqtygG8XCgNQ8ZlDnxuQmWhj566j8fN4Cu3/JmbhsDo7fcAJq4s9h27Ew==\\",
			{
				\\"spdx-correct\\": 20,
				\\"spdx-expression-parse\\": 21
			}
		],
		[
			\\"spdx-correct\\",
			\\"3.0.0\\",
			\\"https://registry.npmjs.org/spdx-correct/-/spdx-correct-3.0.0.tgz\\",
			\\"sha512-N19o9z5cEyc8yQQPukRCZ9EUmb4HUpnrmaL/fxS2pBo2jbfcFRVuFZ/oFC+vZz0MNNk0h80iMn5/S6qGZOL5+g==\\",
			{
				\\"spdx-expression-parse\\": 21,
				\\"spdx-license-ids\\": 23
			}
		],
		[
			\\"spdx-expression-parse\\",
			\\"3.0.0\\",
			\\"https://registry.npmjs.org/spdx-expression-parse/-/spdx-expression-parse-3.0.0.tgz\\",
			\\"sha512-Yg6D3XpRD4kkOmTpdgbUiEJFKghJH03fiC1OPll5h/0sO6neh2jqRDVHOQ4o/LMea0tgCkbMgea5ip/e+MkWyg==\\",
			{
				\\"spdx-exceptions\\": 22,
				\\"spdx-license-ids\\": 23
			}
		],
		[
			\\"spdx-exceptions\\",
			\\"2.1.0\\",
			\\"https://registry.npmjs.org/spdx-exceptions/-/spdx-exceptions-2.1.0.tgz\\",
			\\"sha512-4K1NsmrlCU1JJgUrtgEeTVyfx8VaYea9J9LvARxhbHtVtohPs/gFGG5yy49beySjlIMhhXZ4QqujIZEfS4l6Cg==\\",
			{}
		],
		[
			\\"spdx-license-ids\\",
			\\"3.0.0\\",
			\\"https://registry.npmjs.org/spdx-license-ids/-/spdx-license-ids-3.0.0.tgz\\",
			\\"sha512-2+EPwgbnmOIl8HjGBXXMd9NAu02vLjOO1nWw4kmeRDFyHn+M/ETfHxQUK0oXg8ctgVnl9t3rosNVsZ1jG61nDA==\\",
			{}
		],
		[
			\\"path-type\\",
			\\"2.0.0\\",
			\\"https://registry.npmjs.org/path-type/-/path-type-2.0.0.tgz\\",
			\\"sha1-8BLMuEFbcJb8LaoQVMPXI4lZTHM=\\",
			{
				\\"pify\\": 11
			}
		],
		[
			\\"read-pkg\\",
			\\"2.0.0\\",
			\\"https://registry.npmjs.org/read-pkg/-/read-pkg-2.0.0.tgz\\",
			\\"sha1-jvHAYjxqbbDcZxPEv6xGMysjaPg=\\",
			{
				\\"load-json-file\\": 9,
				\\"normalize-package-data\\": 17,
				\\"path-type\\": 24
			}
		],
		[
			\\"signal-exit\\",
			\\"3.0.2\\",
			\\"https://registry.npmjs.org/signal-exit/-/signal-exit-3.0.2.tgz\\",
			\\"sha1-tf3AjxKH6hF4Yo5BXiUTK3NkbG0=\\",
			{}
		],
		[
			\\"sort-keys\\",
			\\"2.0.0\\",
			\\"https://registry.npmjs.org/sort-keys/-/sort-keys-2.0.0.tgz\\",
			\\"sha1-ZYU1WEhh7JfXMNbPQYIuH1ZoQSg=\\",
			{
				\\"is-plain-obj\\": 8
			}
		],
		[
			\\"write-file-atomic\\",
			\\"2.3.0\\",
			\\"https://registry.npmjs.org/write-file-atomic/-/write-file-atomic-2.3.0.tgz\\",
			\\"sha512-xuPeK4OdjWqtfi59ylvVL0Yn35SF3zgcAcv7rBPFHVaEapaDr4GdGgm3j7ckTwH9wHL7fGmgfAnb0+THrHb8tA==\\",
			{
				\\"graceful-fs\\": 4,
				\\"imurmurhash\\": 6,
				\\"signal-exit\\": 26
			}
		],
		[
			\\"write-json-file\\",
			\\"2.3.0\\",
			\\"https://registry.npmjs.org/write-json-file/-/write-json-file-2.3.0.tgz\\",
			\\"sha1-K2TIozAE1UuGmMdtWFp3zrYdoy8=\\",
			{
				\\"detect-indent\\": 1,
				\\"graceful-fs\\": 4,
				\\"make-dir\\": 15,
				\\"pify\\": 16,
				\\"sort-keys\\": 27,
				\\"write-file-atomic\\": 28
			}
		],
		[
			\\"write-pkg\\",
			\\"3.1.0\\",
			\\"https://registry.npmjs.org/write-pkg/-/write-pkg-3.1.0.tgz\\",
			\\"sha1-AwqZlMyZk9JbTnWp8aGSNgcpHOk=\\",
			{
				\\"sort-keys\\": 27,
				\\"write-json-file\\": 29
			}
		]
	],
	\\"deps\\": {
		\\"read\\": {
			\\"spec\\": \\"npm:read-pkg@2.0.0\\",
			\\"resolved\\": \\"https://registry.npmjs.org/read-pkg/-/read-pkg-2.0.0.tgz\\",
			\\"i\\": 25
		}
	},
	\\"devDeps\\": {
		\\"lock\\": {
			\\"spec\\": \\"npm:lock-cli@1.2.0\\",
			\\"resolved\\": \\"https://registry.npmjs.org/lock-cli/-/lock-cli-1.2.0.tgz\\",
			\\"i\\": 13
		},
		\\"write\\": {
			\\"spec\\": \\"npm:write-pkg@3.1.0\\",
			\\"resolved\\": \\"https://registry.npmjs.org/write-pkg/-/write-pkg-3.1.0.tgz\\",
			\\"i\\": 30
		}
	},
	\\"optionalDeps\\": {}
}
"
`;

exports[`installer basic 3`] = `
Array [
  "lock",
  "lock.cmd",
  "lock.ps1",
]
`;
