// Jest Snapshot v1, https://goo.gl/fbAQLP

exports[`duplicate dependencies in package.json 1`] = `"read-pkg appears in both dependencies and devDependencies"`;
