// Jest Snapshot v1, https://goo.gl/fbAQLP

exports[`installer basic 1`] = `
"{ [Function] sync: [Function] }
{ [Function] sync: [Function] }
{ name: 'read-pkg',
  version: '2.0.0',
  description: 'Read a package.json file',
  license: 'MIT',
  repository: 'sindresorhus/read-pkg',
  author: 
   { name: 'Sindre Sorhus',
     email: 'sindresorhus@gmail.com',
     url: 'sindresorhus.com' },
  engines: { node: '>=4' },
  scripts: { test: 'xo && ava' },
  files: [ 'index.js' ],
  keywords: 
   [ 'json',
     'read',
     'parse',
     'file',
     'fs',
     'graceful',
     'load',
     'pkg',
     'package',
     'normalize' ],
  dependencies: 
   { 'load-json-file': '^2.0.0',
     'normalize-package-data': '^2.3.2',
     'path-type': '^2.0.0' },
  devDependencies: { ava: '*', xo: '*' },
  xo: { esnext: true } }
{ name: 'write-pkg',
  version: '3.1.0',
  description: 'Write a package.json file',
  license: 'MIT',
  repository: 'sindresorhus/write-pkg',
  author: 
   { name: 'Sindre Sorhus',
     email: 'sindresorhus@gmail.com',
     url: 'sindresorhus.com' },
  engines: { node: '>=4' },
  scripts: { test: 'xo && ava' },
  files: [ 'index.js' ],
  keywords: 
   [ 'json',
     'write',
     'stringify',
     'file',
     'fs',
     'graceful',
     'pkg',
     'package' ],
  dependencies: { 'sort-keys': '^2.0.0', 'write-json-file': '^2.2.0' },
  devDependencies: { ava: '*', 'read-pkg': '^2.0.0', tempfile: '^2.0.0', xo: '*' } }

child process exited with code 0"
`;
