// Jest Snapshot v1, https://jestjs.io/docs/snapshot-testing

exports[`banned files 1`] = `
[
  {
    "check": {
      "pattern": "auth"?\\s*(:|=)",
      "type": "regex",
    },
    "filename": "packages/ban-sensitive-files/__tests__/examples/.npmrc",
    "kind": "sensitive",
    "rule": {
      "caption": "config file",
      "checks": [
        {
          "pattern": "auth"?\\s*(:|=)",
          "type": "regex",
        },
        {
          "pattern": "password"?\\s*(:|=)",
          "type": "regex",
        },
        {
          "pattern": "token"?\\s*(:|=)",
          "type": "regex",
        },
      ],
      "part": "filename",
      "pattern": "rc|config",
      "type": "regex",
    },
  },
  {
    "filename": "packages/ban-sensitive-files/__tests__/examples/example.pem",
    "kind": "banned",
    "rule": {
      "caption": "Potential cryptographic private key",
      "description": null,
      "part": "extension",
      "pattern": "pem",
      "type": "match",
    },
  },
]
`;
